// Jest Snapshot v1, https://goo.gl/fbAQLP

exports[`Pruebas en <FirstApp /> debe hacer match con el snapshot 1`] = `
<div>
  <h1
    data-testid="test-title"
  >
    Hello, Im Goku
  </h1>
  <p>
    Hi
  </p>
  <p>
    Hi
  </p>
  <p>
    Hello!!
  </p>
</div>
`;
